// Jest Snapshot v1, https://goo.gl/fbAQLP

exports[`<Bar /> renders without crashing and matches snapshot 1`] = `
<WithStyles(ForwardRef(AppBar))
  color="default"
  position="static"
>
  <WithStyles(ForwardRef(Toolbar))>
    <WithStyles(ForwardRef(IconButton))
      className="navigationButton"
      color="inherit"
      onClick={[Function]}
    >
      <ArrowBackIcon />
    </WithStyles(ForwardRef(IconButton))>
    <WithStyles(ForwardRef(Typography))
      className="title"
      color="inherit"
      noWrap={true}
      variant="h6"
    >
      Title
    </WithStyles(ForwardRef(Typography))>
  </WithStyles(ForwardRef(Toolbar))>
</WithStyles(ForwardRef(AppBar))>
`;
